// Jest Snapshot v1, https://goo.gl/fbAQLP

exports[`App tests renders an App 1`] = `
<Fragment>
  <ColorPicker
    selectColorHandler={[Function]}
  />
  <ColorDisplay
    color=""
  />
</Fragment>
`;
